{
nullable: number | null;
undefineable?: number;
int: number;
bool: boolean;
string: string;
float: number;
array: Array<string>;
lazy?: string;
closureLazy: string;
simpleData: {%Spatie\LaravelData\Tests\Fakes\SimpleData%};
dataCollection: Array<{%Spatie\LaravelData\Tests\Fakes\SimpleData%}>;
dataCollectionAlternative: Array<{%Spatie\LaravelData\Tests\Fakes\SimpleData%}>;
dataCollectionWithAttribute: Array<{%Spatie\LaravelData\Tests\Fakes\SimpleData%}>;
collectionWithUnion: Array<{%Spatie\LaravelData\Tests\Fakes\SimpleData%} | number>;
collectionOrArrayWithUnion: Array<{%Spatie\LaravelData\Tests\Fakes\SimpleData%}> | Array<number>;
arrayWithUnion: Array<{%Spatie\LaravelData\Tests\Fakes\SimpleData%} | number>;
}