{
    "data": [
        {
            "string": "Item 1"
        },
        {
            "string": "Item 2"
        },
        {
            "string": "Item 3"
        },
        {
            "string": "Item 4"
        },
        {
            "string": "Item 5"
        },
        {
            "string": "Item 6"
        },
        {
            "string": "Item 7"
        },
        {
            "string": "Item 8"
        },
        {
            "string": "Item 9"
        },
        {
            "string": "Item 10"
        },
        {
            "string": "Item 11"
        },
        {
            "string": "Item 12"
        },
        {
            "string": "Item 13"
        },
        {
            "string": "Item 14"
        },
        {
            "string": "Item 15"
        }
    ],
    "links": [
        {
            "url": null,
            "label": "&laquo; Previous",
            "active": false
        },
        {
            "url": "\/?page=1",
            "label": "1",
            "active": true
        },
        {
            "url": "\/?page=2",
            "label": "2",
            "active": false
        },
        {
            "url": "\/?page=3",
            "label": "3",
            "active": false
        },
        {
            "url": "\/?page=4",
            "label": "4",
            "active": false
        },
        {
            "url": "\/?page=5",
            "label": "5",
            "active": false
        },
        {
            "url": "\/?page=6",
            "label": "6",
            "active": false
        },
        {
            "url": "\/?page=7",
            "label": "7",
            "active": false
        },
        {
            "url": "\/?page=2",
            "label": "Next &raquo;",
            "active": false
        }
    ],
    "meta": {
        "current_page": 1,
        "first_page_url": "\/?page=1",
        "from": 1,
        "last_page": 7,
        "last_page_url": "\/?page=7",
        "next_page_url": "\/?page=2",
        "path": "\/",
        "per_page": 15,
        "prev_page_url": null,
        "to": 15,
        "total": 100
    }
}
