{
id?: number | null;
first_name?: string | null;
}