{
dataCollection: { [key: number]: {%Spatie\LaravelData\Tests\Fakes\SimpleData%} };
dataCollectionWithNull?: { [key: number]: {%Spatie\LaravelData\Tests\Fakes\SimpleData%} } | null;
dataCollectionWithNullable?: { [key: number]: {%Spatie\LaravelData\Tests\Fakes\SimpleData%} } | null;
}